// Jest Snapshot v1, https://goo.gl/fbAQLP

exports[`variants getPresentationVariants getPresentationVariants 1`] = `
"entering push default -> default [enter, active, exit]
entering pop default -> default [exit, active, exit]
exiting push default -> default [enter, active, exit]
exiting pop default -> default [enter, active, enter]
entering push default -> modal [exitModal, active, exit]
entering pop default -> modal [exit, active, exit]
exiting push default -> modal [enter, active, stacked]
exiting pop default -> modal [enter, active, enter]
entering push default -> modal-sheet [exitModal, activeModalSheet, exit]
entering pop default -> modal-sheet [exit, activeModalSheet, exit]
exiting push default -> modal-sheet [enter, active, stacked]
exiting pop default -> modal-sheet [enter, active, enter]
entering push modal -> default [enter, active, exit]
entering pop modal -> default [stacked, active, exit]
exiting push modal -> default [enter, active, exit]
exiting pop modal -> default [enter, active, exitModal]
entering push modal -> modal [exitModal, active, exit]
entering pop modal -> modal [stacked, active, exit]
exiting push modal -> modal [enter, active, stacked]
exiting pop modal -> modal [enter, active, enter]
entering push modal -> modal-sheet [exitModal, activeModalSheet, exit]
entering pop modal -> modal-sheet [stacked, activeModalSheet, exit]
exiting push modal -> modal-sheet [enter, active, stacked]
exiting pop modal -> modal-sheet [enter, active, enter]
entering push modal-sheet -> default [enter, active, exit]
entering pop modal-sheet -> default [stacked, active, exit]
exiting push modal-sheet -> default [enter, active, exit]
exiting pop modal-sheet -> default [enter, active, exitModal]
entering push modal-sheet -> modal [exitModal, active, exit]
entering pop modal-sheet -> modal [stacked, active, exit]
exiting push modal-sheet -> modal [enter, active, stacked]
exiting pop modal-sheet -> modal [enter, active, enter]
entering push modal-sheet -> modal-sheet [exitModal, activeModalSheet, exit]
entering pop modal-sheet -> modal-sheet [stacked, activeModalSheet, exitModal]
exiting push modal-sheet -> modal-sheet [enter, active, stacked]
exiting pop modal-sheet -> modal-sheet [enter, active, exitModal]
"
`;
